[demo.geekslabs.com/materialize/v2.2/layout03/index.html]
[backblue.gif]
[fade.gif]
[index.html]
[demo.geekslabs.com/materialize/v2.2/layout03/images/favicon/favicon-32x32.png]
[demo.geekslabs.com/materialize/v2.2/layout03/images/favicon/apple-touch-icon-152x152.png]
[demo.geekslabs.com/materialize/v2.2/layout03/images/favicon/mstile-144x144.png]
[demo.geekslabs.com/materialize/v2.2/layout03/css/materialize.css]
[demo.geekslabs.com/materialize/v2.2/layout03/css/style.css]
[demo.geekslabs.com/materialize/v2.2/layout03/js/plugins/chartist-js/chartist.min.css]
[demo.geekslabs.com/materialize/v2.2/layout03/images/materialize-logo.png]
[demo.geekslabs.com/materialize/v2.2/layout03/app-email.html]
[demo.geekslabs.com/materialize/v2.2/layout03/app-widget.html]
[demo.geekslabs.com/materialize/v2.2/layout03/css-typography.html]
[demo.geekslabs.com/materialize/v2.2/layout03/css-icons.html]
[demo.geekslabs.com/materialize/v2.2/layout03/css-shadow.html]
[demo.geekslabs.com/materialize/v2.2/layout03/css-media.html]
[demo.geekslabs.com/materialize/v2.2/layout03/css-sass.html]
[demo.geekslabs.com/materialize/v2.2/layout03/ui-buttons.html]
[demo.geekslabs.com/materialize/v2.2/layout03/ui-badges.html]
[demo.geekslabs.com/materialize/v2.2/layout03/ui-cards.html]
[demo.geekslabs.com/materialize/v2.2/layout03/ui-collections.html]
[demo.geekslabs.com/materialize/v2.2/layout03/ui-accordions.html]
[demo.geekslabs.com/materialize/v2.2/layout03/ui-navbar.html]
[demo.geekslabs.com/materialize/v2.2/layout03/ui-pagination.html]
[demo.geekslabs.com/materialize/v2.2/layout03/ui-preloader.html]
[demo.geekslabs.com/materialize/v2.2/layout03/ui-modals.html]
[demo.geekslabs.com/materialize/v2.2/layout03/ui-media.html]
[demo.geekslabs.com/materialize/v2.2/layout03/ui-toasts.html]
[demo.geekslabs.com/materialize/v2.2/layout03/ui-tooltip.html]
[demo.geekslabs.com/materialize/v2.2/layout03/table-basic.html]
[demo.geekslabs.com/materialize/v2.2/layout03/table-data.html]
[demo.geekslabs.com/materialize/v2.2/layout03/form-elements.html]
[demo.geekslabs.com/materialize/v2.2/layout03/form-layouts.html]
[demo.geekslabs.com/materialize/v2.2/layout03/page-invoice.23.delayed]
[demo.geekslabs.com/materialize/v2.2/layout03/page-404.html]
[demo.geekslabs.com/materialize/v2.2/layout03/page-500.html]
[demo.geekslabs.com/materialize/v2.2/layout03/page-blank.html]
[demo.geekslabs.com/materialize/v2.2/layout03/eCommerce-products-page.html]
[demo.geekslabs.com/materialize/v2.2/layout03/eCommerce-pricing.html]
[demo.geekslabs.com/materialize/v2.2/layout03/eCommerce-invoice.html]
[demo.geekslabs.com/materialize/v2.2/layout03/media-gallary-page.html]
[demo.geekslabs.com/materialize/v2.2/layout03/media-hover-effects.html]
[demo.geekslabs.com/materialize/v2.2/layout03/user-profile-page.html]
[demo.geekslabs.com/materialize/v2.2/layout03/user-login.html]
[demo.geekslabs.com/materialize/v2.2/layout03/user-register.html]
[demo.geekslabs.com/materialize/v2.2/layout03/user-forgot-password.html]
[demo.geekslabs.com/materialize/v2.2/layout03/user-lock-screen.html]
[demo.geekslabs.com/materialize/v2.2/layout03/user-sesssion-timeout.31.delayed]
[demo.geekslabs.com/materialize/v2.2/layout03/charts-chartjs.html]
[demo.geekslabs.com/materialize/v2.2/layout03/charts-chartist.html]
[demo.geekslabs.com/materialize/v2.2/layout03/charts-morris.html]
[demo.geekslabs.com/materialize/v2.2/layout03/charts-xcharts.html]
[demo.geekslabs.com/materialize/v2.2/layout03/charts-flotcharts.html]
[demo.geekslabs.com/materialize/v2.2/layout03/charts-sparklines.html]
[demo.geekslabs.com/materialize/v2.2/layout03/images/avatar.jpg]
[demo.geekslabs.com/materialize/v2.2/layout03/app-calendar.html]
[demo.geekslabs.com/materialize/v2.2/layout03/ui-tabs.html]
[demo.geekslabs.com/materialize/v2.2/layout03/page-contact.html]
[demo.geekslabs.com/materialize/v2.2/layout03/page-todo.html]
[demo.geekslabs.com/materialize/v2.2/layout03/page-blog-1.html]
[demo.geekslabs.com/materialize/v2.2/layout03/page-blog-2.html]
[demo.geekslabs.com/materialize/v2.2/layout03/user-session-time-out.3f.delayed]
[demo.geekslabs.com/materialize/v2.2/layout03/css-grid.html]
[demo.geekslabs.com/materialize/v2.2/layout03/css-color.html]
[demo.geekslabs.com/materialize/v2.2/layout03/css-helpers.html]
[demo.geekslabs.com/materialize/v2.2/layout03/changelogs.html]
[demo.geekslabs.com/materialize/v2.2/layout03/images/user-bg.jpg]
[demo.geekslabs.com/materialize/v2.2/layout03/images/gallary/30.jpg]
[demo.geekslabs.com/materialize/v2.2/layout03/images/gallary/33.jpg]
[demo.geekslabs.com/materialize/v2.2/layout03/images/amazon.jpg]
[demo.geekslabs.com/materialize/v2.2/layout03/js/plugins/perfect-scrollbar/perfect-scrollbar.min.js]
[demo.geekslabs.com/materialize/v2.2/layout03/js/plugins/chartist-js/chartist.min.js]
[demo.geekslabs.com/materialize/v2.2/layout03/js/jquery-1.11.2.min.js]
[demo.geekslabs.com/materialize/v2.2/layout03/js/plugins/chartjs/chart.min.js]
[demo.geekslabs.com/materialize/v2.2/layout03/js/plugins/chartjs/chart-script.js]
[demo.geekslabs.com/materialize/v2.2/layout03/js/plugins/sparkline/sparkline-script.js]
[demo.geekslabs.com/materialize/v2.2/layout03/js/plugins/sparkline/jquery.sparkline.min.js]
[demo.geekslabs.com/materialize/v2.2/layout03/js/materialize.js]
[demo.geekslabs.com/materialize/v2.2/layout03/js/plugins/jvectormap/vectormap-script.js]
[demo.geekslabs.com/materialize/v2.2/layout03/js/plugins/jvectormap/jquery-jvectormap-1.2.2.min.js]
[demo.geekslabs.com/materialize/v2.2/layout03/index.html]
[demo.geekslabs.com/materialize/v2.2/layout03/js/plugins.js]
[demo.geekslabs.com/materialize/v2.2/layout03/font/material-design-icons/Material-Design-Iconsd41d.eot]
[demo.geekslabs.com/materialize/v2.2/layout03/font/material-design-icons/Material-Design-Icons.woff]
[demo.geekslabs.com/materialize/v2.2/layout03/font/material-design-icons/Material-Design-Icons.ttf]
[demo.geekslabs.com/materialize/v2.2/layout03/js/plugins/jvectormap/jquery-jvectormap-world-mill-en.js]
[demo.geekslabs.com/materialize/v2.2/layout03/font/roboto/Roboto-Thin.woff]
[demo.geekslabs.com/materialize/v2.2/layout03/font/roboto/Roboto-Thin.ttf]
[demo.geekslabs.com/materialize/v2.2/layout03/font/roboto/Roboto-Light.woff]
[demo.geekslabs.com/materialize/v2.2/layout03/font/roboto/Roboto-Light.ttf]
[demo.geekslabs.com/materialize/v2.2/layout03/font/roboto/Roboto-Regular.woff]
[demo.geekslabs.com/materialize/v2.2/layout03/font/roboto/Roboto-Regular.ttf]
[demo.geekslabs.com/materialize/v2.2/layout03/font/roboto/Roboto-Medium.woff]
[demo.geekslabs.com/materialize/v2.2/layout03/font/roboto/Roboto-Medium.ttf]
[demo.geekslabs.com/materialize/v2.2/layout03/font/roboto/Roboto-Bold.woff]
[demo.geekslabs.com/materialize/v2.2/layout03/css/materialize.css]
[demo.geekslabs.com/materialize/v2.2/layout03/font/roboto/Roboto-Bold.ttf]
[demo.geekslabs.com/materialize/v2.2/layout03/images/user-bg-2.jpg]
[demo.geekslabs.com/materialize/v2.2/layout03/images/sample-1.jpg]
[demo.geekslabs.com/materialize/v2.2/layout03/css/style.css]
[demo.geekslabs.com/materialize/v2.2/layout03/css/custom-style.css]
[demo.geekslabs.com/materialize/v2.2/layout03/css/style-horizontal.css]
[demo.geekslabs.com/materialize/v2.2/layout03/js/plugins/perfect-scrollbar/perfect-scrollbar.css]
[demo.geekslabs.com/materialize/v2.2/layout03/js/plugins/jvectormap/jquery-jvectormap.css]
[demo.geekslabs.com/materialize/v2.2/layout03/js/plugins/chartist-js/chartist.min.css]
[demo.geekslabs.com/materialize/v2.2/layout03/ui-waves.html]
[demo.geekslabs.com/materialize/v2.2/layout03/user-session-timeout.66.delayed]
[demo.geekslabs.com/materialize/v2.2/layout03/!.67.delayed]
[demo.geekslabs.com/materialize/v2.2/layout03/app-email.html]
[demo.geekslabs.com/materialize/v2.2/layout03/js/prism.js]
[demo.geekslabs.com/materialize/v2.2/layout03/images/office.jpg]
[demo.geekslabs.com/materialize/v2.2/layout03/app-widget.html]
[demo.geekslabs.com/materialize/v2.2/layout03/images/style_typography_roboto.png]
[demo.geekslabs.com/materialize/v2.2/layout03/css-typography.html]
[demo.geekslabs.com/materialize/v2.2/layout03/css-icons.html]
[demo.geekslabs.com/materialize/v2.2/layout03/css-shadow.html]
[demo.geekslabs.com/materialize/v2.2/layout03/css-media.html]
[demo.geekslabs.com/materialize/v2.2/layout03/css-sass.html]
[demo.geekslabs.com/materialize/v2.2/layout03/ui-buttons.html]
[demo.geekslabs.com/materialize/v2.2/layout03/collections.6b.delayed]
[demo.geekslabs.com/materialize/v2.2/layout03/ui-badges.html]
[demo.geekslabs.com/materialize/v2.2/layout03/ui-cards.html]
[demo.geekslabs.com/materialize/v2.2/layout03/ui-collections.html]
[demo.geekslabs.com/materialize/v2.2/layout03/colors.6c.delayed]
[demo.geekslabs.com/materialize/v2.2/layout03/ui-accordions.html]
[demo.geekslabs.com/materialize/v2.2/layout03/sass.6d.delayed]
[demo.geekslabs.com/materialize/v2.2/layout03/components.6e.delayed]
[demo.geekslabs.com/materialize/v2.2/layout03/javascript.6f.delayed]
[demo.geekslabs.com/materialize/v2.2/layout03/mobile.70.delayed]
[demo.geekslabs.com/materialize/v2.2/layout03/ui-navbar.html]
[demo.geekslabs.com/materialize/v2.2/layout03/ui-pagination.html]
[demo.geekslabs.com/materialize/v2.2/layout03/ui-preloader.html]
[demo.geekslabs.com/materialize/v2.2/layout03/images/yuna.71.delayed]
[demo.geekslabs.com/materialize/v2.2/layout03/ui-modals.html]
[demo.geekslabs.com/materialize/v2.2/layout03/ui-media.html]
[demo.geekslabs.com/materialize/v2.2/layout03/_.72.delayed]
[demo.geekslabs.com/materialize/v2.2/layout03/ui-toasts.html]
[demo.geekslabs.com/materialize/v2.2/layout03/ui-tooltip.html]
[demo.geekslabs.com/materialize/v2.2/layout03/table-basic.html]
[demo.geekslabs.com/materialize/v2.2/layout03/js/plugins/data-tables/js/jquery.dataTables.min.js]
[demo.geekslabs.com/materialize/v2.2/layout03/table-data.html]
[demo.geekslabs.com/materialize/v2.2/layout03/js/plugins/data-tables/data-tables-script.js]
[demo.geekslabs.com/materialize/v2.2/layout03/form-elements.html]
[demo.geekslabs.com/materialize/v2.2/layout03/form-layouts.html]
[demo.geekslabs.com/materialize/v2.2/layout03/page-404.html]
[demo.geekslabs.com/materialize/v2.2/layout03/page-500.html]
[demo.geekslabs.com/materialize/v2.2/layout03/page-blank.html]
[demo.geekslabs.com/materialize/v2.2/layout03/images/img2.jpg]
[demo.geekslabs.com/materialize/v2.2/layout03/images/img5.jpg]
[demo.geekslabs.com/materialize/v2.2/layout03/images/img7.jpg]
[demo.geekslabs.com/materialize/v2.2/layout03/images/img3.jpg]
[demo.geekslabs.com/materialize/v2.2/layout03/images/img4.jpg]
[demo.geekslabs.com/materialize/v2.2/layout03/images/img6.jpg]
[demo.geekslabs.com/materialize/v2.2/layout03/images/img8.jpg]
[demo.geekslabs.com/materialize/v2.2/layout03/js/plugins/masonry.pkgd.min.js]
[demo.geekslabs.com/materialize/v2.2/layout03/eCommerce-products-page.html]
[demo.geekslabs.com/materialize/v2.2/layout03/eCommerce-pricing.html]
[demo.geekslabs.com/materialize/v2.2/layout03/js/plugins/imagesloaded.pkgd.min.js]
[demo.geekslabs.com/materialize/v2.2/layout03/images/generic-logo.png]
[demo.geekslabs.com/materialize/v2.2/layout03/images/signature-scan.png]
[demo.geekslabs.com/materialize/v2.2/layout03/eCommerce-invoice.html]
[demo.geekslabs.com/materialize/v2.2/layout03/images/gallary/1.jpg]
[demo.geekslabs.com/materialize/v2.2/layout03/images/gallary/2.jpg]
[demo.geekslabs.com/materialize/v2.2/layout03/images/gallary/3.jpg]
[demo.geekslabs.com/materialize/v2.2/layout03/images/gallary/4.jpg]
[demo.geekslabs.com/materialize/v2.2/layout03/images/gallary/5.jpg]
[demo.geekslabs.com/materialize/v2.2/layout03/images/gallary/6.jpg]
[demo.geekslabs.com/materialize/v2.2/layout03/images/gallary/7.jpg]
[demo.geekslabs.com/materialize/v2.2/layout03/images/gallary/8.jpg]
[demo.geekslabs.com/materialize/v2.2/layout03/media-gallary-page.html]
[demo.geekslabs.com/materialize/v2.2/layout03/js/plugins/magnific-popup/jquery.magnific-popup.min.js]
[demo.geekslabs.com/materialize/v2.2/layout03/images/gallary/12.jpg]
[demo.geekslabs.com/materialize/v2.2/layout03/images/gallary/14.jpg]
[demo.geekslabs.com/materialize/v2.2/layout03/images/gallary/25.jpg]
[demo.geekslabs.com/materialize/v2.2/layout03/images/gallary/26.jpg]
[demo.geekslabs.com/materialize/v2.2/layout03/images/gallary/9.jpg]
[demo.geekslabs.com/materialize/v2.2/layout03/images/gallary/10.jpg]
[demo.geekslabs.com/materialize/v2.2/layout03/images/gallary/11.jpg]
[demo.geekslabs.com/materialize/v2.2/layout03/images/gallary/13.jpg]
[demo.geekslabs.com/materialize/v2.2/layout03/images/gallary/15.jpg]
[demo.geekslabs.com/materialize/v2.2/layout03/images/gallary/16.jpg]
[demo.geekslabs.com/materialize/v2.2/layout03/images/gallary/17.jpg]
[demo.geekslabs.com/materialize/v2.2/layout03/images/gallary/18.jpg]
[demo.geekslabs.com/materialize/v2.2/layout03/images/gallary/19.jpg]
[demo.geekslabs.com/materialize/v2.2/layout03/media-hover-effects.html]
[demo.geekslabs.com/materialize/v2.2/layout03/images/gallary/20.jpg]
[demo.geekslabs.com/materialize/v2.2/layout03/images/user-profile-bg.jpg]
[demo.geekslabs.com/materialize/v2.2/layout03/user-profile-page.html]
[demo.geekslabs.com/materialize/v2.2/layout03/images/login-logo.png]
[demo.geekslabs.com/materialize/v2.2/layout03/page-register.9d.delayed]
[demo.geekslabs.com/materialize/v2.2/layout03/page-forgot-password.9e.delayed]
[demo.geekslabs.com/materialize/v2.2/layout03/user-login.html]
[demo.geekslabs.com/materialize/v2.2/layout03/page-login.9f.delayed]
[demo.geekslabs.com/materialize/v2.2/layout03/user-register.html]
[demo.geekslabs.com/materialize/v2.2/layout03/user-forgot-password.html]
[demo.geekslabs.com/materialize/v2.2/layout03/user-lock-screen.html]
[demo.geekslabs.com/materialize/v2.2/layout03/js/materialize.min.js]
[demo.geekslabs.com/materialize/v2.2/layout03/charts-chartjs.html]
[demo.geekslabs.com/materialize/v2.2/layout03/js/plugins/chartjs/chartjs-sample-chart.js]
[demo.geekslabs.com/materialize/v2.2/layout03/charts-chartist.html]
[demo.geekslabs.com/materialize/v2.2/layout03/js/plugins/chartist-js/chartist-script.js]
[demo.geekslabs.com/materialize/v2.2/layout03/js/raphael-min.js]
[demo.geekslabs.com/materialize/v2.2/layout03/js/plugins/morris-chart/morris.min.js]
[demo.geekslabs.com/materialize/v2.2/layout03/charts-morris.html]
[demo.geekslabs.com/materialize/v2.2/layout03/js/plugins/morris-chart/morris-script.js]
[demo.geekslabs.com/materialize/v2.2/layout03/js/plugins/d3/d3.min.js]
[demo.geekslabs.com/materialize/v2.2/layout03/js/plugins/xcharts/xcharts.min.js]
[demo.geekslabs.com/materialize/v2.2/layout03/js/plugins/xcharts/xcharts-script.js]
[demo.geekslabs.com/materialize/v2.2/layout03/charts-xcharts.html]
[demo.geekslabs.com/materialize/v2.2/layout03/js/plugins/flot-chart/jquery.flot.min.js]
[demo.geekslabs.com/materialize/v2.2/layout03/js/plugins/flot-chart/jquery.flot.time.js]
[demo.geekslabs.com/materialize/v2.2/layout03/js/plugins/flot-chart/jquery.flot.stack.js]
[demo.geekslabs.com/materialize/v2.2/layout03/js/plugins/flot-chart/jquery.flot.pie.js]
[demo.geekslabs.com/materialize/v2.2/layout03/charts-flotcharts.html]
[demo.geekslabs.com/materialize/v2.2/layout03/js/plugins/flot-chart/flot-script.js]
[demo.geekslabs.com/materialize/v2.2/layout03/charts-sparklines.html]
[demo.geekslabs.com/materialize/v2.2/layout03/js/plugins/fullcalendar/lib/jquery-ui.custom.min.js]
[demo.geekslabs.com/materialize/v2.2/layout03/js/plugins/fullcalendar/lib/moment.min.js]
[demo.geekslabs.com/materialize/v2.2/layout03/js/plugins/fullcalendar/js/fullcalendar.min.js]
[demo.geekslabs.com/materialize/v2.2/layout03/js/plugins/fullcalendar/fullcalendar-script.js]
[demo.geekslabs.com/materialize/v2.2/layout03/app-calendar.html]
[demo.geekslabs.com/materialize/v2.2/layout03/ui-tabs.html]
[demo.geekslabs.com/materialize/v2.2/layout03/page-contact.html]
[demo.geekslabs.com/materialize/v2.2/layout03/page-todo.html]
[demo.geekslabs.com/materialize/v2.2/layout03/page-blog-1.html]
[demo.geekslabs.com/materialize/v2.2/layout03/page-blog-2.html]
[demo.geekslabs.com/materialize/v2.2/layout03/css-grid.html]
[demo.geekslabs.com/materialize/v2.2/layout03/css-color.html]
[demo.geekslabs.com/materialize/v2.2/layout03/css-helpers.html]
[demo.geekslabs.com/materialize/v2.2/layout03/changelogs.html]
[demo.geekslabs.com/materialize/v2.2/layout03/font/material-design-icons/Material-Design-Icons.svg]
[demo.geekslabs.com/materialize/v2.2/layout03/css/prism.css]
[demo.geekslabs.com/materialize/v2.2/layout03/ui-waves.html]
[demo.geekslabs.com/materialize/v2.2/layout03/js/plugins/data-tables/images/sort_both.png]
[demo.geekslabs.com/materialize/v2.2/layout03/js/plugins/data-tables/images/sort_asc.png]
[demo.geekslabs.com/materialize/v2.2/layout03/js/plugins/data-tables/images/sort_desc.png]
[demo.geekslabs.com/materialize/v2.2/layout03/js/plugins/data-tables/images/sort_asc_disabled.png]
[demo.geekslabs.com/materialize/v2.2/layout03/js/plugins/data-tables/css/jquery.dataTables.min.css]
[demo.geekslabs.com/materialize/v2.2/layout03/css/page-center.css]
[demo.geekslabs.com/materialize/v2.2/layout03/js/plugins/magnific-popup/magnific-popup.css]
[demo.geekslabs.com/materialize/v2.2/layout03/css/media-hover-effects.css]
[demo.geekslabs.com/materialize/v2.2/layout03/js/plugins/morris-chart/morris.css]
[demo.geekslabs.com/materialize/v2.2/layout03/js/plugins/xcharts/xcharts.min.css]
[demo.geekslabs.com/materialize/v2.2/layout03/js/plugins/fullcalendar/css/fullcalendar.min.css]
[demo.geekslabs.com/materialize/v2.2/layout03/js/plugins/data-tables/images/sort_desc_disabled.png]
[demo.geekslabs.com/materialize/v2.2/layout03/page-invoice.html]
[demo.geekslabs.com/materialize/v2.2/layout03/user-sesssion-timeout.html]
[demo.geekslabs.com/materialize/v2.2/layout03/user-session-time-out.html]
[demo.geekslabs.com/materialize/v2.2/layout03/user-session-timeout.html]
[demo.geekslabs.com/materialize/v2.2/layout03/!.html]
[demo.geekslabs.com/materialize/v2.2/layout03/collections.html]
[demo.geekslabs.com/materialize/v2.2/layout03/colors.html]
[demo.geekslabs.com/materialize/v2.2/layout03/sass.html]
[demo.geekslabs.com/materialize/v2.2/layout03/components.html]
[demo.geekslabs.com/materialize/v2.2/layout03/javascript.html]
[demo.geekslabs.com/materialize/v2.2/layout03/mobile.html]
[demo.geekslabs.com/materialize/v2.2/layout03/images/yuna.html]
[demo.geekslabs.com/materialize/v2.2/layout03/_.html]
[demo.geekslabs.com/materialize/v2.2/layout03/page-register.html]
[demo.geekslabs.com/materialize/v2.2/layout03/page-forgot-password.html]
[demo.geekslabs.com/materialize/v2.2/layout03/page-login.html]
